// Jest Snapshot v1, https://goo.gl/fbAQLP

exports[`renders without crashing 1`] = `
<div
  class="ChainInfo"
>
  <div
    class="ChainInfo-Title"
  >
    <h2>
      
    </h2>
  </div>
  <div
    class="ChainInfo-Content"
  >
    <p>
      
    </p>
    <ul>
      <li>
        <b>
          
        </b>
        : 
      </li>
      <li>
        <b>
          
        </b>
        : 
      </li>
    </ul>
  </div>
</div>
`;
