// Jest Snapshot v1, https://goo.gl/fbAQLP

exports[`renders without crashing 1`] = `
<div
  class="Dropdown"
>
  <p
    class="Dropdown-Selection"
  >
    Deposit
  </p>
  <div
    class="Dropdown-Choices"
  >
    <p>
      Deposit
    </p>
    <p>
      Withdraw
    </p>
  </div>
</div>
`;
