// Jest Snapshot v1, https://goo.gl/fbAQLP

exports[`renders without crashing 1`] = `
<li>
  <div
    class="Card"
  >
    <header
      class="CardHeader Assertion-Malignant"
    >
      <div
        class="CardHeader-Title"
      >
        Author: asdf
        <p
          class="CardHeader-Sub"
        >
          10 Nectar (NCT)
        </p>
      </div>
    </header>
    <div
      class="CardContent"
    >
      <ul>
        <li
          class="StatRow"
        >
          <p
            class="StatTitle"
          >
            Metadata
          </p>
          <p
            class="StatContent"
          >
            Some virus
          </p>
        </li>
        <li
          class="StatRow"
        >
          <p
            class="StatTitle"
          >
            evil_file
          </p>
          <p
            class="StatContent"
          >
            Unknown
          </p>
        </li>
      </ul>
    </div>
  </div>
</li>
`;
