// Jest Snapshot v1, https://goo.gl/fbAQLP

exports[`renders without crashing 1`] = `
<div
  class="Bounty-Create"
>
  <div
    class="ModalPassword"
  >
    <div>
      
    </div>
  </div>
  <div
    class="BountyCreate-Content"
  >
    <div
      class="BountyCreate-Header"
    >
      <h2>
        1. Select Files
      </h2>
      <div
        class="BountyCreate-Header-Buttons"
      >
        <button
          class="Button flat-cancel"
          disabled=""
        >
          Previous
        </button>
        <button
          class="Button flat"
          disabled=""
        >
          Next
        </button>
      </div>
    </div>
    <div
      class="Bounty-Files"
    >
      <div
        class="Bounty-Button"
      >
        
      </div>
      <div
        class="Drop-Target"
      >
        <div>
          <p>
            Drag and drop your files here, or 
          </p>
          <form>
            <input
              class="hidden"
              id="file"
              multiple=""
              type="file"
            >
              
            </input>
            <label
              for="file"
            >
              click here.
            </label>
          </form>
        </div>
      </div>
      <div
        class="File-List"
      >
        <header
          class="File-List-Header"
        >
          <p
            class="File-List-Title"
          >
            0 Files
          </p>
          <button
            class="Button flat-cancel"
            disabled=""
          >
            Clear
          </button>
        </header>
        <ul
          class="List"
        >
          <div>
            
          </div>
        </ul>
      </div>
    </div>
  </div>
</div>
`;
