// Jest Snapshot v1, https://goo.gl/fbAQLP

exports[`renders without crashing 1`] = `
<header
  class="CardHeader"
>
  
</header>
`;

exports[`shows the title when passed 1`] = `null`;
