// Jest Snapshot v1, https://goo.gl/fbAQLP

exports[`renders without crashing 1`] = `
Array [
  <input
    class="hidden"
    id="file"
    type="file"
>
    
</input>,
  <label
    class="LabelButton"
    for="file"
>
    
</label>,
]
`;
